C51 COMPILER V9.60.0.0   BLUETOOTH                                                         09/15/2020 14:06:38 PAGE 1   


C51 COMPILER V9.60.0.0, COMPILATION OF MODULE BLUETOOTH
OBJECT MODULE PLACED IN .\Objects\bluetooth.obj
COMPILER INVOKED BY: C:\Keil_v5\C51\BIN\C51.EXE bluetooth.c OPTIMIZE(8,SPEED) BROWSE DEBUG OBJECTEXTEND PRINT(.\Listings
                    -\bluetooth.lst) OBJECT(.\Objects\bluetooth.obj)

line level    source

   1          #include "head.h"
   2          
   3          uint count3 = 0;
   4          
   5          uint key; //蓝牙接收到的键值
   6          
   7          //通讯串口初始化配置（使用计数器1）
   8          void bluetoothInit()
   9          {
  10   1          TMOD = 0x22; //0010 0010，两个8位自动重载
  11   1      
  12   1          //设置计数器1的初值，决定波特率
  13   1          TH1 = 0xfd;
  14   1          TL1 = 0xfd;
  15   1      
  16   1          ET1 = 0;     //!!!关键，T1中断（函数）禁止
  17   1          PCON = 0x00; //波特率倍增0x00不加倍  0x80加倍
  18   1          SCON = 0x50; //设置工作方式1 开启接受允许
  19   1          EA = 1;      //开启总中断
  20   1          ES = 1;      //开启串口接受、发送中断
  21   1          TR1 = 1;     //计数器1开始运行
  22   1      }
  23          
  24          //串口中断(TI发送标志位，RI接受标志位)
  25          void UART() interrupt 4
  26          {
  27   1      
  28   1          if (RI)
  29   1          {
  30   2              key = SBUF;
  31   2              switch (key)
  32   2              {
  33   3              case 0x00:
  34   3                  forward();
  35   3                  break;
  36   3              case 0x01:
  37   3                  back();
  38   3                  break;
  39   3              case 0x02:
  40   3                  left();
  41   3                  break;
  42   3              case 0x03:
  43   3                  right();
  44   3                  break;
  45   3              case 0x04:
  46   3                  stop();
  47   3                  break;
  48   3              case 0x05:
  49   3                  atoDrive = 0; //进入手动驾驶
  50   3                  oled_cover_square(STATUS3, 1, emp);
  51   3                  stop();
  52   3                  break;
  53   3              case 0x06:
  54   3                  atoDrive = 1; //进入自动驾驶
C51 COMPILER V9.60.0.0   BLUETOOTH                                                         09/15/2020 14:06:38 PAGE 2   

  55   3                  oled_cover_square(STATUS3, 1, atoD);
  56   3                  break;
  57   3              case 0x07:
  58   3                  gearSwitch(gear + 1);
  59   3                  break;
  60   3              case 0x08:
  61   3                  gearSwitch(gear - 1);
  62   3                  break;
  63   3              case 0x09:
  64   3                  beep = ~beep;
  65   3                  break;
  66   3              case 0x10:
  67   3                  ENbz = 0;
  68   3                  oled_cover_square(STATUS2, 1, emp);
  69   3                  break;
  70   3              case 0x11:
  71   3                  ENbz = 1;
  72   3                  oled_cover_square(STATUS2, 1, bizhang);
  73   3                  break;
  74   3              case 0x12:
  75   3                  ENxx = 0;
  76   3                  oled_cover_square(STATUS1, 1, emp);
  77   3                  break;
  78   3              case 0x13:
  79   3                  ENxx = 1;
  80   3                  oled_cover_square(STATUS1, 1, xunxian);
  81   3                  break;
  82   3              case 0x14:
  83   3                  atoGear = 0;
  84   3                  oled_cover_square(STATUS4, 1, emp);
  85   3                  break;
  86   3              case 0x15:
  87   3                  atoGear = 1;
  88   3                  oled_cover_square(STATUS4, 1, atoG);
  89   3                  break;
  90   3              case 0x0a:
  91   3                  powerOff();
  92   3                  break;
  93   3              case 0x0b:
  94   3                  //启动
  95   3                  break;
  96   3              case 0x0c:
  97   3                  distance = getDistance();
  98   3                  TI = 1;
  99   3                  printf("Distance:%dcm\n",distance);
 100   3                  while (!TI)
 101   3                      ;
 102   3                  TI = 0;
 103   3                  break;
 104   3              case 0x0d:
 105   3                  if (angle < 25)
 106   3                  {
 107   4                      angle += 5;
 108   4                  }
 109   3                  break;
 110   3              case 0x0e:
 111   3                  if (angle > 5)
 112   3                  {
 113   4                      angle -= 5;
 114   4                  }
 115   3                  break;
 116   3              case 0x0f:
C51 COMPILER V9.60.0.0   BLUETOOTH                                                         09/15/2020 14:06:38 PAGE 3   

 117   3                  showAD();
 118   3                  break;
 119   3              case 0x1a:
 120   3                  turn_off_AD();
 121   3                  break;
 122   3              default:
 123   3                  break;
 124   3              }
 125   2              while (!RI)
 126   2                  ;
 127   2              RI = 0;
 128   2          }
 129   1      }


MODULE INFORMATION:   STATIC OVERLAYABLE
   CODE SIZE        =    512    ----
   CONSTANT SIZE    =     15    ----
   XDATA SIZE       =   ----    ----
   PDATA SIZE       =   ----    ----
   DATA SIZE        =      4    ----
   IDATA SIZE       =   ----    ----
   BIT SIZE         =   ----    ----
END OF MODULE INFORMATION.


C51 COMPILATION COMPLETE.  0 WARNING(S),  0 ERROR(S)
